======================================================================
HOUSE HUNT HERO - PLATFORM TEST
======================================================================
Started: 2026-01-16 09:27:20

Testing 58 property search platforms...

[1/58] Testing craigslist_owner... (node:93030) Warning: The 'NO_COLOR' env is ignored due to the 'FORCE_COLOR' env being set.
(Use `node --trace-warnings ...` to show where the warning was created)
✅ 25 properties (2.5s)
[2/58] Testing craigslist_maine... (node:93055) Warning: The 'NO_COLOR' env is ignored due to the 'FORCE_COLOR' env being set.
(Use `node --trace-warnings ...` to show where the warning was created)
✅ 25 properties (2.0s)
[3/58] Testing craigslist_nh... (node:93061) Warning: The 'NO_COLOR' env is ignored due to the 'FORCE_COLOR' env being set.
(Use `node --trace-warnings ...` to show where the warning was created)
✅ 25 properties (1.6s)
[4/58] Testing ownerama... (node:93067) Warning: The 'NO_COLOR' env is ignored due to the 'FORCE_COLOR' env being set.
(Use `node --trace-warnings ...` to show where the warning was created)
⚠️ 0 properties (4.1s)
[5/58] Testing brokerless... (node:93073) Warning: The 'NO_COLOR' env is ignored due to the 'FORCE_COLOR' env being set.
(Use `node --trace-warnings ...` to show where the warning was created)
⚠️ 0 properties (1.5s)
[6/58] Testing flat_fee_group... (node:93079) Warning: The 'NO_COLOR' env is ignored due to the 'FORCE_COLOR' env being set.
(Use `node --trace-warnings ...` to show where the warning was created)
⚠️ 0 properties (16.6s)
[7/58] Testing the_rock_foundation... (node:93105) Warning: The 'NO_COLOR' env is ignored due to the 'FORCE_COLOR' env being set.
(Use `node --trace-warnings ...` to show where the warning was created)
⚠️ 0 properties (1.6s)
[8/58] Testing fsbo_home_listings... (node:93111) Warning: The 'NO_COLOR' env is ignored due to the 'FORCE_COLOR' env being set.
(Use `node --trace-warnings ...` to show where the warning was created)
⚠️ 0 properties (5.7s)
[9/58] Testing diy_flat_fee... (node:93117) Warning: The 'NO_COLOR' env is ignored due to the 'FORCE_COLOR' env being set.
(Use `node --trace-warnings ...` to show where the warning was created)
⚠️ 0 properties (12.6s)
[10/58] Testing isold_my_house... (node:93133) Warning: The 'NO_COLOR' env is ignored due to the 'FORCE_COLOR' env being set.
(Use `node --trace-warnings ...` to show where the warning was created)
⚠️ 0 properties (7.5s)
[11/58] Testing hoang_realty_fsbo... ⚠️ 0 properties (0.0s)
[12/58] Testing oodle... (node:93141) Warning: The 'NO_COLOR' env is ignored due to the 'FORCE_COLOR' env being set.
(Use `node --trace-warnings ...` to show where the warning was created)
⚠️ 0 properties (16.3s)
[13/58] Testing town_ads... (node:93147) Warning: The 'NO_COLOR' env is ignored due to the 'FORCE_COLOR' env being set.
(Use `node --trace-warnings ...` to show where the warning was created)
⚠️ 0 properties (1.9s)
[14/58] Testing sun_journal... (node:93154) Warning: The 'NO_COLOR' env is ignored due to the 'FORCE_COLOR' env being set.
(Use `node --trace-warnings ...` to show where the warning was created)
⚠️ 0 properties (16.3s)
[15/58] Testing advertiser_democrat... (node:93163) Warning: The 'NO_COLOR' env is ignored due to the 'FORCE_COLOR' env being set.
(Use `node --trace-warnings ...` to show where the warning was created)
⚠️ 0 properties (24.5s)
[16/58] Testing midcoast_villager... (node:93180) Warning: The 'NO_COLOR' env is ignored due to the 'FORCE_COLOR' env being set.
(Use `node --trace-warnings ...` to show where the warning was created)
⚠️ 0 properties (1.1s)
[17/58] Testing portland_press_herald... (node:93187) Warning: The 'NO_COLOR' env is ignored due to the 'FORCE_COLOR' env being set.
(Use `node --trace-warnings ...` to show where the warning was created)
⚠️ 0 properties (21.2s)
[18/58] Testing facebook_marketplace... (node:93193) Warning: The 'NO_COLOR' env is ignored due to the 'FORCE_COLOR' env being set.
(Use `node --trace-warnings ...` to show where the warning was created)
⚠️ 0 properties (1.7s)
[19/58] Testing facebook_groups... (node:93201) Warning: The 'NO_COLOR' env is ignored due to the 'FORCE_COLOR' env being set.
(Use `node --trace-warnings ...` to show where the warning was created)
⚠️ 0 properties (1.4s)
[20/58] Testing nextdoor... (node:93207) Warning: The 'NO_COLOR' env is ignored due to the 'FORCE_COLOR' env being set.
(Use `node --trace-warnings ...` to show where the warning was created)
⚠️ 0 properties (3.6s)
[21/58] Testing bank_owned_properties... (node:93213) Warning: The 'NO_COLOR' env is ignored due to the 'FORCE_COLOR' env being set.
(Use `node --trace-warnings ...` to show where the warning was created)
⚠️ 0 properties (2.3s)
[22/58] Testing distressed_pro... (node:93219) Warning: The 'NO_COLOR' env is ignored due to the 'FORCE_COLOR' env being set.
(Use `node --trace-warnings ...` to show where the warning was created)
⚠️ 0 properties (3.2s)
[23/58] Testing maine_community_bank... (node:93225) Warning: The 'NO_COLOR' env is ignored due to the 'FORCE_COLOR' env being set.
(Use `node --trace-warnings ...` to show where the warning was created)
⚠️ 0 properties (2.5s)
[24/58] Testing on_point_realty... (node:93231) Warning: The 'NO_COLOR' env is ignored due to the 'FORCE_COLOR' env being set.
(Use `node --trace-warnings ...` to show where the warning was created)
⚠️ 0 properties (17.9s)
[25/58] Testing york_county_probate... (node:93248) Warning: The 'NO_COLOR' env is ignored due to the 'FORCE_COLOR' env being set.
(Use `node --trace-warnings ...` to show where the warning was created)
⚠️ 0 properties (16.3s)
[26/58] Testing estatesale... (node:93258) Warning: The 'NO_COLOR' env is ignored due to the 'FORCE_COLOR' env being set.
(Use `node --trace-warnings ...` to show where the warning was created)
⚠️ 0 properties (2.8s)
[27/58] Testing gotoauction... (node:93264) Warning: The 'NO_COLOR' env is ignored due to the 'FORCE_COLOR' env being set.
(Use `node --trace-warnings ...` to show where the warning was created)
⚠️ 0 properties (3.9s)
[28/58] Testing homes_auction... (node:93270) Warning: The 'NO_COLOR' env is ignored due to the 'FORCE_COLOR' env being set.
(Use `node --trace-warnings ...` to show where the warning was created)
⚠️ 0 properties (1.0s)
[29/58] Testing quickflip_construction... (node:93276) Warning: The 'NO_COLOR' env is ignored due to the 'FORCE_COLOR' env being set.
(Use `node --trace-warnings ...` to show where the warning was created)
⚠️ 0 properties (1.6s)
[30/58] Testing motivate_maine... (node:93282) Warning: The 'NO_COLOR' env is ignored due to the 'FORCE_COLOR' env being set.
(Use `node --trace-warnings ...` to show where the warning was created)
⚠️ 0 properties (8.7s)
[31/58] Testing connected_investors... (node:93305) Warning: The 'NO_COLOR' env is ignored due to the 'FORCE_COLOR' env being set.
(Use `node --trace-warnings ...` to show where the warning was created)
⚠️ 0 properties (4.5s)
[32/58] Testing discounted_property_solutions... (node:93311) Warning: The 'NO_COLOR' env is ignored due to the 'FORCE_COLOR' env being set.
(Use `node --trace-warnings ...` to show where the warning was created)
⚠️ 0 properties (1.3s)
[33/58] Testing housecashin... (node:93317) Warning: The 'NO_COLOR' env is ignored due to the 'FORCE_COLOR' env being set.
(Use `node --trace-warnings ...` to show where the warning was created)
⚠️ 0 properties (16.2s)
[34/58] Testing offermarket... (node:93338) Warning: The 'NO_COLOR' env is ignored due to the 'FORCE_COLOR' env being set.
(Use `node --trace-warnings ...` to show where the warning was created)
⚠️ 0 properties (2.6s)
[35/58] Testing maine_listings... (node:93344) Warning: The 'NO_COLOR' env is ignored due to the 'FORCE_COLOR' env being set.
(Use `node --trace-warnings ...` to show where the warning was created)
✅ 23 properties (18.7s)
[36/58] Testing maine_state_mls... (node:93351) Warning: The 'NO_COLOR' env is ignored due to the 'FORCE_COLOR' env being set.
(Use `node --trace-warnings ...` to show where the warning was created)
⚠️ 0 properties (2.6s)
[37/58] Testing listings_direct... (node:93357) Warning: The 'NO_COLOR' env is ignored due to the 'FORCE_COLOR' env being set.
(Use `node --trace-warnings ...` to show where the warning was created)
⚠️ 0 properties (2.2s)
[38/58] Testing meservier_associates... (node:93363) Warning: The 'NO_COLOR' env is ignored due to the 'FORCE_COLOR' env being set.
(Use `node --trace-warnings ...` to show where the warning was created)
⚠️ 0 properties (5.6s)
[39/58] Testing locations_real_estate_group... (node:93370) Warning: The 'NO_COLOR' env is ignored due to the 'FORCE_COLOR' env being set.
(Use `node --trace-warnings ...` to show where the warning was created)
⚠️ 0 properties (4.3s)
[40/58] Testing swan_agency... (node:93376) Warning: The 'NO_COLOR' env is ignored due to the 'FORCE_COLOR' env being set.
(Use `node --trace-warnings ...` to show where the warning was created)
⚠️ 0 properties (1.4s)
[41/58] Testing the_maine_agents... (node:93382) Warning: The 'NO_COLOR' env is ignored due to the 'FORCE_COLOR' env being set.
(Use `node --trace-warnings ...` to show where the warning was created)
⚠️ 0 properties (21.6s)
[42/58] Testing sargent_real_estate... (node:93491) Warning: The 'NO_COLOR' env is ignored due to the 'FORCE_COLOR' env being set.
(Use `node --trace-warnings ...` to show where the warning was created)
⚠️ 0 properties (1.4s)
[43/58] Testing allied_realty... (node:93498) Warning: The 'NO_COLOR' env is ignored due to the 'FORCE_COLOR' env being set.
(Use `node --trace-warnings ...` to show where the warning was created)
⚠️ 0 properties (4.4s)
[44/58] Testing landing_real_estate... (node:93506) Warning: The 'NO_COLOR' env is ignored due to the 'FORCE_COLOR' env being set.
(Use `node --trace-warnings ...` to show where the warning was created)
✅ 10 properties (7.0s)
[45/58] Testing la_count_real_estate... (node:93512) Warning: The 'NO_COLOR' env is ignored due to the 'FORCE_COLOR' env being set.
(Use `node --trace-warnings ...` to show where the warning was created)
⚠️ 0 properties (22.6s)
[46/58] Testing realty_of_maine... (node:93518) Warning: The 'NO_COLOR' env is ignored due to the 'FORCE_COLOR' env being set.
(Use `node --trace-warnings ...` to show where the warning was created)
✅ 12 properties (13.9s)
[47/58] Testing maine_real_estate_co... ⚠️ 0 properties (0.0s)
[48/58] Testing fontaine_family... (node:93528) Warning: The 'NO_COLOR' env is ignored due to the 'FORCE_COLOR' env being set.
(Use `node --trace-warnings ...` to show where the warning was created)
⚠️ 0 properties (1.5s)
[49/58] Testing maine_highlands_fcu... (node:93534) Warning: The 'NO_COLOR' env is ignored due to the 'FORCE_COLOR' env being set.
(Use `node --trace-warnings ...` to show where the warning was created)
⚠️ 0 properties (5.6s)
[50/58] Testing boulos_company... (node:93551) Warning: The 'NO_COLOR' env is ignored due to the 'FORCE_COLOR' env being set.
(Use `node --trace-warnings ...` to show where the warning was created)
⚠️ 0 properties (8.5s)
[51/58] Testing necpe... (node:93557) Warning: The 'NO_COLOR' env is ignored due to the 'FORCE_COLOR' env being set.
(Use `node --trace-warnings ...` to show where the warning was created)
⚠️ 0 properties (7.4s)
[52/58] Testing malone_commercial... (node:93564) Warning: The 'NO_COLOR' env is ignored due to the 'FORCE_COLOR' env being set.
(Use `node --trace-warnings ...` to show where the warning was created)
✅ 1 properties (10.8s)
[53/58] Testing loopnet... (node:93570) Warning: The 'NO_COLOR' env is ignored due to the 'FORCE_COLOR' env being set.
(Use `node --trace-warnings ...` to show where the warning was created)
⚠️ 0 properties (6.5s)
[54/58] Testing nai_dunham... (node:93576) Warning: The 'NO_COLOR' env is ignored due to the 'FORCE_COLOR' env being set.
(Use `node --trace-warnings ...` to show where the warning was created)
⚠️ 0 properties (7.0s)
[55/58] Testing landsearch... (node:93582) Warning: The 'NO_COLOR' env is ignored due to the 'FORCE_COLOR' env being set.
(Use `node --trace-warnings ...` to show where the warning was created)
⚠️ 0 properties (10.8s)
[56/58] Testing landwatch... (node:93603) Warning: The 'NO_COLOR' env is ignored due to the 'FORCE_COLOR' env being set.
(Use `node --trace-warnings ...` to show where the warning was created)
⚠️ 0 properties (8.9s)
[57/58] Testing maine_land_store... (node:93619) Warning: The 'NO_COLOR' env is ignored due to the 'FORCE_COLOR' env being set.
(Use `node --trace-warnings ...` to show where the warning was created)
⚠️ 0 properties (12.8s)
[58/58] Testing kw_land... (node:93625) Warning: The 'NO_COLOR' env is ignored due to the 'FORCE_COLOR' env being set.
(Use `node --trace-warnings ...` to show where the warning was created)
⚠️ 0 properties (11.1s)

Completed: 2026-01-16 09:34:25

Generating report...
✅ Report saved to: reports/platform_test_report.md

Summary: 7/58 platforms working
